Release 14.7 - xst P.20131013 (nt64)
Copyright (c) 1995-2013 Xilinx, Inc.  All rights reserved.
--> Parameter TMPDIR set to xst/projnav.tmp


Total REAL time to Xst completion: 0.00 secs
Total CPU time to Xst completion: 0.15 secs
 
--> Parameter xsthdpdir set to xst


Total REAL time to Xst completion: 0.00 secs
Total CPU time to Xst completion: 0.15 secs
 
--> Reading design: Alu_Control.prj

TABLE OF CONTENTS
  1) Synthesis Options Summary
  2) HDL Compilation
  3) Design Hierarchy Analysis
  4) HDL Analysis
  5) HDL Synthesis
     5.1) HDL Synthesis Report
  6) Advanced HDL Synthesis
     6.1) Advanced HDL Synthesis Report
  7) Low Level Synthesis
  8) Partition Report
  9) Final Report
	9.1) Device utilization summary
	9.2) Partition Resource Summary
	9.3) TIMING REPORT


=========================================================================
*                      Synthesis Options Summary                        *
=========================================================================
---- Source Parameters
Input File Name                    : "Alu_Control.prj"
Input Format                       : mixed
Ignore Synthesis Constraint File   : NO

---- Target Parameters
Output File Name                   : "Alu_Control"
Output Format                      : NGC
Target Device                      : xc3s400-4-pq208

---- Source Options
Top Module Name                    : Alu_Control
Automatic FSM Extraction           : YES
FSM Encoding Algorithm             : Auto
Safe Implementation                : No
FSM Style                          : LUT
RAM Extraction                     : Yes
RAM Style                          : Auto
ROM Extraction                     : Yes
Mux Style                          : Auto
Decoder Extraction                 : YES
Priority Encoder Extraction        : Yes
Shift Register Extraction          : YES
Logical Shifter Extraction         : YES
XOR Collapsing                     : YES
ROM Style                          : Auto
Mux Extraction                     : Yes
Resource Sharing                   : YES
Asynchronous To Synchronous        : NO
Multiplier Style                   : Auto
Automatic Register Balancing       : No

---- Target Options
Add IO Buffers                     : YES
Global Maximum Fanout              : 100000
Add Generic Clock Buffer(BUFG)     : 8
Register Duplication               : YES
Slice Packing                      : YES
Optimize Instantiated Primitives   : NO
Use Clock Enable                   : Yes
Use Synchronous Set                : Yes
Use Synchronous Reset              : Yes
Pack IO Registers into IOBs        : Auto
Equivalent register Removal        : YES

---- General Options
Optimization Goal                  : Speed
Optimization Effort                : 1
Keep Hierarchy                     : No
Netlist Hierarchy                  : As_Optimized
RTL Output                         : Yes
Global Optimization                : AllClockNets
Read Cores                         : YES
Write Timing Constraints           : NO
Cross Clock Analysis               : NO
Hierarchy Separator                : /
Bus Delimiter                      : <>
Case Specifier                     : Maintain
Slice Utilization Ratio            : 100
BRAM Utilization Ratio             : 100
Verilog 2001                       : YES
Auto BRAM Packing                  : NO
Slice Utilization Ratio Delta      : 5

=========================================================================


=========================================================================
*                          HDL Compilation                              *
=========================================================================
Compiling vhdl file "E:/Semester 6/Computer Archt/Lab/Xilinx_ISE_Design_Suite_v14.7/lab_6/alu/Alu_Control.vhd" in Library work.
Architecture behavioral of Entity alu_control is up to date.

=========================================================================
*                     Design Hierarchy Analysis                         *
=========================================================================
Analyzing hierarchy for entity <Alu_Control> in library <work> (architecture <behavioral>).


=========================================================================
*                            HDL Analysis                               *
=========================================================================
Analyzing Entity <Alu_Control> in library <work> (Architecture <behavioral>).
Entity <Alu_Control> analyzed. Unit <Alu_Control> generated.


=========================================================================
*                           HDL Synthesis                               *
=========================================================================

Performing bidirectional port resolution...

Synthesizing Unit <Alu_Control>.
    Related source file is "E:/Semester 6/Computer Archt/Lab/Xilinx_ISE_Design_Suite_v14.7/lab_6/alu/Alu_Control.vhd".
WARNING:Xst:647 - Input <Instruction<5:4>> is never used. This port will be preserved and left unconnected if it belongs to a top-level block or it belongs to a sub-block and the hierarchy of this sub-block is preserved.
WARNING:Xst:737 - Found 4-bit latch for signal <operation>. Latches may be generated from incomplete case or if statements. We do not recommend the use of latches in FPGA/CPLD designs, as they may lead to timing problems.
INFO:Xst:2371 - HDL ADVISOR - Logic functions respectively driving the data and gate enable inputs of this latch share common terms. This situation will potentially lead to setup/hold violations and, as a result, to simulation problems. This situation may come from an incomplete case statement (all selector values are not covered). You should carefully review if it was in your intentions to describe such a latch.
    Found 4-bit 4-to-1 multiplexer for signal <operation$mux0009>.
    Summary:
	inferred   4 Multiplexer(s).
Unit <Alu_Control> synthesized.


=========================================================================
HDL Synthesis Report

Macro Statistics
# Latches                                              : 1
 4-bit latch                                           : 1
# Multiplexers                                         : 1
 4-bit 4-to-1 multiplexer                              : 1

=========================================================================

=========================================================================
*                       Advanced HDL Synthesis                          *
=========================================================================


=========================================================================
Advanced HDL Synthesis Report

Macro Statistics
# Latches                                              : 1
 4-bit latch                                           : 1
# Multiplexers                                         : 1
 4-bit 4-to-1 multiplexer                              : 1

=========================================================================

=========================================================================
*                         Low Level Synthesis                           *
=========================================================================

Optimizing unit <Alu_Control> ...
WARNING:Xst:1710 - FF/Latch <operation_3> (without init value) has a constant value of 0 in block <Alu_Control>. This FF/Latch will be trimmed during the optimization process.
WARNING:Xst:1710 - FF/Latch <operation_3> (without init value) has a constant value of 0 in block <Alu_Control>. This FF/Latch will be trimmed during the optimization process.
WARNING:Xst:1710 - FF/Latch <operation_3> (without init value) has a constant value of 0 in block <Alu_Control>. This FF/Latch will be trimmed during the optimization process.
WARNING:Xst:1710 - FF/Latch <operation_3> (without init value) has a constant value of 0 in block <Alu_Control>. This FF/Latch will be trimmed during the optimization process.

Mapping all equations...
Building and optimizing final netlist ...
Found area constraint ratio of 100 (+ 5) on block Alu_Control, actual ratio is 0.

Final Macro Processing ...

=========================================================================
Final Register Report

Found no macro
=========================================================================

=========================================================================
*                           Partition Report                            *
=========================================================================

Partition Implementation Status
-------------------------------

  No Partitions were found in this design.

-------------------------------

=========================================================================
*                            Final Report                               *
=========================================================================
Final Results
RTL Top Level Output File Name     : Alu_Control.ngr
Top Level Output File Name         : Alu_Control
Output Format                      : NGC
Optimization Goal                  : Speed
Keep Hierarchy                     : No

Design Statistics
# IOs                              : 12

Cell Usage :
# BELS                             : 18
#      GND                         : 1
#      LUT2                        : 2
#      LUT3                        : 3
#      LUT4                        : 8
#      MUXF5                       : 3
#      VCC                         : 1
# FlipFlops/Latches                : 3
#      LD                          : 3
# IO Buffers                       : 10
#      IBUF                        : 6
#      OBUF                        : 4
=========================================================================

Device utilization summary:
---------------------------

Selected Device : 3s400pq208-4 

 Number of Slices:                        8  out of   3584     0%  
 Number of Slice Flip Flops:              3  out of   7168     0%  
 Number of 4 input LUTs:                 13  out of   7168     0%  
 Number of IOs:                          12
 Number of bonded IOBs:                  10  out of    141     7%  

---------------------------
Partition Resource Summary:
---------------------------

  No Partitions were found in this design.

---------------------------


=========================================================================
TIMING REPORT

NOTE: THESE TIMING NUMBERS ARE ONLY A SYNTHESIS ESTIMATE.
      FOR ACCURATE TIMING INFORMATION PLEASE REFER TO THE TRACE REPORT
      GENERATED AFTER PLACE-and-ROUTE.

Clock Information:
------------------
--------------------------------------+------------------------+-------+
Clock Signal                          | Clock buffer(FF name)  | Load  |
--------------------------------------+------------------------+-------+
operation_not0001(operation_not0001:O)| NONE(*)(operation_0)   | 3     |
--------------------------------------+------------------------+-------+
(*) This 1 clock signal(s) are generated by combinatorial logic,
and XST is not able to identify which are the primary clock signals.
Please use the CLOCK_SIGNAL constraint to specify the clock signal(s) generated by combinatorial logic.
INFO:Xst:2169 - HDL ADVISOR - Some clock signals were not automatically buffered by XST with BUFG/BUFR resources. Please use the buffer_type constraint in order to insert these buffers to the clock signals to help prevent skew problems.

Asynchronous Control Signals Information:
----------------------------------------
No asynchronous control signals found in this design

Timing Summary:
---------------
Speed Grade: -4

   Minimum period: 2.290ns (Maximum Frequency: 436.681MHz)
   Minimum input arrival time before clock: 6.845ns
   Maximum output required time after clock: 7.154ns
   Maximum combinational path delay: No path found

Timing Detail:
--------------
All values displayed in nanoseconds (ns)

=========================================================================
Timing constraint: Default period analysis for Clock 'operation_not0001'
  Clock period: 2.290ns (frequency: 436.681MHz)
  Total number of paths / destination ports: 3 / 3
-------------------------------------------------------------------------
Delay:               2.290ns (Levels of Logic = 1)
  Source:            operation_0 (LATCH)
  Destination:       operation_0 (LATCH)
  Source Clock:      operation_not0001 falling
  Destination Clock: operation_not0001 falling

  Data Path: operation_0 to operation_0
                                Gate     Net
    Cell:in->out      fanout   Delay   Delay  Logical Name (Net Name)
    ----------------------------------------  ------------
     LD:G->Q               2   0.633   0.903  operation_0 (operation_0)
     LUT4:I3->O            1   0.551   0.000  Mmux_operation_mux0009271 (operation_mux0009<0>)
     LD:D                      0.203          operation_0
    ----------------------------------------
    Total                      2.290ns (1.387ns logic, 0.903ns route)
                                       (60.6% logic, 39.4% route)

=========================================================================
Timing constraint: Default OFFSET IN BEFORE for Clock 'operation_not0001'
  Total number of paths / destination ports: 38 / 3
-------------------------------------------------------------------------
Offset:              6.845ns (Levels of Logic = 6)
  Source:            Instruction<2> (PAD)
  Destination:       operation_0 (LATCH)
  Destination Clock: operation_not0001 falling

  Data Path: Instruction<2> to operation_0
                                Gate     Net
    Cell:in->out      fanout   Delay   Delay  Logical Name (Net Name)
    ----------------------------------------  ------------
     IBUF:I->O             7   0.821   1.405  Instruction_2_IBUF (Instruction_2_IBUF)
     LUT4:I0->O            1   0.551   0.000  Mmux_operation_mux00092261 (Mmux_operation_mux00092261)
     MUXF5:I0->O           2   0.360   0.903  Mmux_operation_mux0009226_f5 (Mmux_operation_mux0009226)
     LUT4:I3->O            1   0.551   0.000  Mmux_operation_mux0009251_SW1_F (N13)
     MUXF5:I0->O           1   0.360   1.140  Mmux_operation_mux0009251_SW1 (N11)
     LUT4:I0->O            1   0.551   0.000  Mmux_operation_mux0009271 (operation_mux0009<0>)
     LD:D                      0.203          operation_0
    ----------------------------------------
    Total                      6.845ns (3.397ns logic, 3.448ns route)
                                       (49.6% logic, 50.4% route)

=========================================================================
Timing constraint: Default OFFSET OUT AFTER for Clock 'operation_not0001'
  Total number of paths / destination ports: 3 / 3
-------------------------------------------------------------------------
Offset:              7.154ns (Levels of Logic = 1)
  Source:            operation_2 (LATCH)
  Destination:       operation<2> (PAD)
  Source Clock:      operation_not0001 falling

  Data Path: operation_2 to operation<2>
                                Gate     Net
    Cell:in->out      fanout   Delay   Delay  Logical Name (Net Name)
    ----------------------------------------  ------------
     LD:G->Q               2   0.633   0.877  operation_2 (operation_2)
     OBUF:I->O                 5.644          operation_2_OBUF (operation<2>)
    ----------------------------------------
    Total                      7.154ns (6.277ns logic, 0.877ns route)
                                       (87.7% logic, 12.3% route)

=========================================================================


Total REAL time to Xst completion: 5.00 secs
Total CPU time to Xst completion: 4.93 secs
 
--> 

Total memory usage is 4499956 kilobytes

Number of errors   :    0 (   0 filtered)
Number of warnings :    6 (   0 filtered)
Number of infos    :    2 (   0 filtered)

